[2026-04-13 17:13:21] Go daemon 已启动 (pid=7117)
2026/04/13 17:13:21 main.go:57: [daemon] accesskey=ef9854775b01893c21b1b128695f05a5 server=http://foodapi.justtom.cn:62212
2026/04/13 17:13:21 daemon.go:91: [daemon] created pool of 1 sessions
2026/04/13 17:13:21 daemon.go:93: [daemon] pool session 9aabd1b0a939917b58fda5bbdc5eb5e3 (pid=7128)
2026/04/13 17:13:21 daemon.go:342: [ts] 拉取 TurnServer 列表...
2026/04/13 17:13:21 daemon.go:936: [daemon] IPC HTTP 监听 127.0.0.1:56881
2026/04/13 17:13:21 daemon.go:349: [ts] 发现 1 个 TurnServer
2026/04/13 17:13:21 daemon.go:377: [ts] 连接最优 TS: ws://foodapi.justtom.cn:61221/ws
2026/04/13 17:13:21 wsrelay.go:51: [wsrelay] 连接 ws://foodapi.justtom.cn:61221/ws ...
2026/04/13 17:13:21 wsrelay.go:99: [wsrelay] 已连接并登录成功
2026/04/13 17:13:21 daemon.go:392: [ts] WebSocket 已连接，等待...
2026/04/13 17:13:45 daemon.go:144: [P2P-DEBUG-DA] === recv p2p_offer, start answerer ===
2026/04/13 17:13:45 webrtc.go:558: [webrtc] SDP answer 已生成（446 字节），ICE 候选通过 trickle 发送
2026/04/13 17:13:45 daemon.go:192: [P2P-DEBUG-DA] answer created +949.524µs
2026/04/13 17:13:45 daemon.go:195: [P2P-DEBUG-DA] send p2p_answer +965.087µs
2026/04/13 17:13:45 webrtc.go:455: [P2P-DEBUG-DA] ICE state (answerer): checking
2026/04/13 17:13:45 daemon.go:224: [daemon] P2P answer 已发送，等待连接...
2026/04/13 17:13:45 webrtc.go:481: [P2P-DEBUG-DA] connState (answerer): connecting
2026/04/13 17:13:45 webrtc.go:446: [P2P-DEBUG-DA] local ICE (answerer): typ=host 172.17.0.6:59996
2026/04/13 17:13:45 daemon.go:155: [P2P-DEBUG-DA] local ICE: candidate:3217961291 1 udp 2130706431 172.17.0.6 59996 typ h +1.108289ms
2026/04/13 17:13:45 daemon.go:130: [P2P-DEBUG-DA] recv p2p_ice from browser
2026/04/13 17:13:45 daemon.go:130: [P2P-DEBUG-DA] recv p2p_ice from browser
2026/04/13 17:13:45 daemon.go:130: [P2P-DEBUG-DA] recv p2p_ice from browser
2026/04/13 17:13:45 daemon.go:130: [P2P-DEBUG-DA] recv p2p_ice from browser
2026/04/13 17:13:45 daemon.go:130: [P2P-DEBUG-DA] recv p2p_ice from browser
2026/04/13 17:13:45 daemon.go:130: [P2P-DEBUG-DA] recv p2p_ice from browser
2026/04/13 17:13:45 daemon.go:130: [P2P-DEBUG-DA] recv p2p_ice from browser
2026/04/13 17:13:45 daemon.go:130: [P2P-DEBUG-DA] recv p2p_ice from browser
2026/04/13 17:13:45 daemon.go:130: [P2P-DEBUG-DA] recv p2p_ice from browser
2026/04/13 17:13:45 daemon.go:130: [P2P-DEBUG-DA] recv p2p_ice from browser
2026/04/13 17:13:45 daemon.go:130: [P2P-DEBUG-DA] recv p2p_ice from browser
2026/04/13 17:13:45 webrtc.go:446: [P2P-DEBUG-DA] local ICE (answerer): typ=srflx 14.20.173.247:41295
2026/04/13 17:13:45 daemon.go:155: [P2P-DEBUG-DA] local ICE: candidate:1007075768 1 udp 1694498815 14.20.173.247 41295 ty +218.743694ms
2026/04/13 17:13:46 daemon.go:130: [P2P-DEBUG-DA] recv p2p_ice from browser
2026/04/13 17:13:46 daemon.go:130: [P2P-DEBUG-DA] recv p2p_ice from browser
2026/04/13 17:13:55 daemon.go:494: [P2P-DEBUG-DA] handleMessage: type=channel_select channelMode=
2026/04/13 17:13:55 daemon.go:687: [P2P-DEBUG-DA] channel switched to: ts
2026/04/13 17:13:55 daemon.go:494: [P2P-DEBUG-DA] handleMessage: type=session_list channelMode=ts
2026/04/13 17:13:55 daemon.go:583: [P2P-DEBUG-DA] handleSessionList: 1 sessions
2026/04/13 17:13:55 daemon.go:494: [P2P-DEBUG-DA] handleMessage: type=request_history channelMode=ts
2026/04/13 17:13:55 daemon.go:228: [daemon] P2P 连接超时: 连接超时（10s）
2026/04/13 17:13:55 webrtc.go:481: [P2P-DEBUG-DA] connState (answerer): closed
2026/04/13 17:13:55 webrtc.go:455: [P2P-DEBUG-DA] ICE state (answerer): closed
2026/04/13 17:13:55 daemon.go:494: [P2P-DEBUG-DA] handleMessage: type=resize channelMode=ts
2026/04/13 17:13:55 daemon.go:494: [P2P-DEBUG-DA] handleMessage: type=resize channelMode=ts
2026/04/13 17:13:56 daemon.go:494: [P2P-DEBUG-DA] handleMessage: type=resize channelMode=ts
2026/04/13 17:13:56 daemon.go:494: [P2P-DEBUG-DA] handleMessage: type=resize channelMode=ts
2026/04/13 17:13:56 daemon.go:494: [P2P-DEBUG-DA] handleMessage: type=resize channelMode=ts
2026/04/13 17:13:56 daemon.go:494: [P2P-DEBUG-DA] handleMessage: type=resize channelMode=ts
2026/04/13 17:13:56 daemon.go:494: [P2P-DEBUG-DA] handleMessage: type=resize channelMode=ts
2026/04/13 17:13:56 daemon.go:494: [P2P-DEBUG-DA] handleMessage: type=resize channelMode=ts
2026/04/13 17:13:56 daemon.go:494: [P2P-DEBUG-DA] handleMessage: type=resize channelMode=ts
2026/04/13 17:13:56 daemon.go:494: [P2P-DEBUG-DA] handleMessage: type=resize channelMode=ts
2026/04/13 17:13:56 daemon.go:494: [P2P-DEBUG-DA] handleMessage: type=resize channelMode=ts
2026/04/13 17:13:56 daemon.go:494: [P2P-DEBUG-DA] handleMessage: type=resize channelMode=ts
2026/04/13 17:13:56 daemon.go:494: [P2P-DEBUG-DA] handleMessage: type=resize channelMode=ts
2026/04/13 17:13:56 daemon.go:494: [P2P-DEBUG-DA] handleMessage: type=resize channelMode=ts
2026/04/13 17:13:56 daemon.go:494: [P2P-DEBUG-DA] handleMessage: type=resize channelMode=ts
2026/04/13 17:13:56 daemon.go:494: [P2P-DEBUG-DA] handleMessage: type=resize channelMode=ts
2026/04/13 17:13:56 daemon.go:494: [P2P-DEBUG-DA] handleMessage: type=resize channelMode=ts
2026/04/13 17:13:58 daemon.go:494: [P2P-DEBUG-DA] handleMessage: type=ping channelMode=ts
2026/04/13 17:14:01 daemon.go:494: [P2P-DEBUG-DA] handleMessage: type=ping channelMode=ts
2026/04/13 17:14:04 daemon.go:494: [P2P-DEBUG-DA] handleMessage: type=ping channelMode=ts
2026/04/13 17:14:07 daemon.go:494: [P2P-DEBUG-DA] handleMessage: type=ping channelMode=ts
2026/04/13 17:14:10 daemon.go:494: [P2P-DEBUG-DA] handleMessage: type=ping channelMode=ts
2026/04/13 17:14:13 daemon.go:494: [P2P-DEBUG-DA] handleMessage: type=ping channelMode=ts
2026/04/13 17:14:16 daemon.go:494: [P2P-DEBUG-DA] handleMessage: type=ping channelMode=ts
2026/04/13 17:14:17 daemon.go:494: [P2P-DEBUG-DA] handleMessage: type=proxy_connect channelMode=ts
2026/04/13 17:14:17 proxy_manager.go:42: [HTTP-PROXY] 请求连接: connID=conn_00000001 target=www.baidu.com:80
2026/04/13 17:14:17 proxy_manager.go:88: [HTTP-PROXY] 连接成功: connID=conn_00000001 target=www.baidu.com:80
2026/04/13 17:14:17 proxy_manager.go:143: [HTTP-PROXY] 收到上行数据: connID=conn_00000001 长度=1568
2026/04/13 17:14:17 proxy_manager.go:108: [HTTP-PROXY] 下行数据: connID=conn_00000001 长度=1318
2026/04/13 17:14:19 daemon.go:494: [P2P-DEBUG-DA] handleMessage: type=ping channelMode=ts
2026/04/13 17:14:22 daemon.go:494: [P2P-DEBUG-DA] handleMessage: type=ping channelMode=ts
2026/04/13 17:14:25 daemon.go:494: [P2P-DEBUG-DA] handleMessage: type=ping channelMode=ts
2026/04/13 17:14:28 daemon.go:494: [P2P-DEBUG-DA] handleMessage: type=ping channelMode=ts
2026/04/13 17:14:31 daemon.go:494: [P2P-DEBUG-DA] handleMessage: type=ping channelMode=ts
2026/04/13 17:14:34 daemon.go:494: [P2P-DEBUG-DA] handleMessage: type=ping channelMode=ts
2026/04/13 17:14:37 daemon.go:494: [P2P-DEBUG-DA] handleMessage: type=ping channelMode=ts
2026/04/13 17:14:40 daemon.go:494: [P2P-DEBUG-DA] handleMessage: type=ping channelMode=ts
2026/04/13 17:14:43 daemon.go:494: [P2P-DEBUG-DA] handleMessage: type=ping channelMode=ts
2026/04/13 17:14:46 daemon.go:494: [P2P-DEBUG-DA] handleMessage: type=ping channelMode=ts
2026/04/13 17:14:49 daemon.go:494: [P2P-DEBUG-DA] handleMessage: type=ping channelMode=ts
2026/04/13 17:14:52 daemon.go:494: [P2P-DEBUG-DA] handleMessage: type=ping channelMode=ts
2026/04/13 17:14:55 daemon.go:494: [P2P-DEBUG-DA] handleMessage: type=ping channelMode=ts
2026/04/13 17:14:58 daemon.go:494: [P2P-DEBUG-DA] handleMessage: type=ping channelMode=ts
2026/04/13 17:15:01 daemon.go:494: [P2P-DEBUG-DA] handleMessage: type=ping channelMode=ts
2026/04/13 17:15:04 daemon.go:494: [P2P-DEBUG-DA] handleMessage: type=ping channelMode=ts
2026/04/13 17:15:07 daemon.go:494: [P2P-DEBUG-DA] handleMessage: type=ping channelMode=ts
2026/04/13 17:15:10 daemon.go:494: [P2P-DEBUG-DA] handleMessage: type=ping channelMode=ts
2026/04/13 17:15:13 daemon.go:494: [P2P-DEBUG-DA] handleMessage: type=ping channelMode=ts
2026/04/13 17:15:16 daemon.go:494: [P2P-DEBUG-DA] handleMessage: type=ping channelMode=ts
2026/04/13 17:15:17 proxy_manager.go:118: [HTTP-PROXY] 连接关闭: connID=conn_00000001 err=EOF
2026/04/13 17:15:17 daemon.go:494: [P2P-DEBUG-DA] handleMessage: type=proxy_close channelMode=ts
2026/04/13 17:15:17 proxy_manager.go:157: [HTTP-PROXY] 请求关闭: connID=conn_00000001
2026/04/13 17:15:19 daemon.go:494: [P2P-DEBUG-DA] handleMessage: type=ping channelMode=ts
2026/04/13 17:15:20 daemon.go:494: [P2P-DEBUG-DA] handleMessage: type=proxy_connect channelMode=ts
2026/04/13 17:15:20 proxy_manager.go:42: [HTTP-PROXY] 请求连接: connID=conn_00000002 target=m.baidu.com:443
2026/04/13 17:15:20 proxy_manager.go:88: [HTTP-PROXY] 连接成功: connID=conn_00000002 target=m.baidu.com:443
2026/04/13 17:15:20 proxy_manager.go:143: [HTTP-PROXY] 收到上行数据: connID=conn_00000002 长度=1753
2026/04/13 17:15:20 proxy_manager.go:108: [HTTP-PROXY] 下行数据: connID=conn_00000002 长度=2904
2026/04/13 17:15:20 proxy_manager.go:108: [HTTP-PROXY] 下行数据: connID=conn_00000002 长度=2298
2026/04/13 17:15:20 proxy_manager.go:143: [HTTP-PROXY] 收到上行数据: connID=conn_00000002 长度=2868
2026/04/13 17:15:20 proxy_manager.go:108: [HTTP-PROXY] 下行数据: connID=conn_00000002 长度=226
2026/04/13 17:15:20 proxy_manager.go:108: [HTTP-PROXY] 下行数据: connID=conn_00000002 长度=1208
2026/04/13 17:15:20 proxy_manager.go:108: [HTTP-PROXY] 下行数据: connID=conn_00000002 长度=2387
2026/04/13 17:15:20 proxy_manager.go:108: [HTTP-PROXY] 下行数据: connID=conn_00000002 长度=1671
2026/04/13 17:15:20 proxy_manager.go:108: [HTTP-PROXY] 下行数据: connID=conn_00000002 长度=1452
2026/04/13 17:15:20 proxy_manager.go:108: [HTTP-PROXY] 下行数据: connID=conn_00000002 长度=1452
2026/04/13 17:15:20 proxy_manager.go:108: [HTTP-PROXY] 下行数据: connID=conn_00000002 长度=1221
2026/04/13 17:15:20 proxy_manager.go:108: [HTTP-PROXY] 下行数据: connID=conn_00000002 长度=1452
2026/04/13 17:15:20 proxy_manager.go:108: [HTTP-PROXY] 下行数据: connID=conn_00000002 长度=1452
2026/04/13 17:15:20 proxy_manager.go:108: [HTTP-PROXY] 下行数据: connID=conn_00000002 长度=1452
2026/04/13 17:15:20 proxy_manager.go:108: [HTTP-PROXY] 下行数据: connID=conn_00000002 长度=1452
2026/04/13 17:15:20 proxy_manager.go:108: [HTTP-PROXY] 下行数据: connID=conn_00000002 长度=1295
2026/04/13 17:15:20 proxy_manager.go:108: [HTTP-PROXY] 下行数据: connID=conn_00000002 长度=1452
2026/04/13 17:15:20 proxy_manager.go:108: [HTTP-PROXY] 下行数据: connID=conn_00000002 长度=1452
2026/04/13 17:15:20 proxy_manager.go:108: [HTTP-PROXY] 下行数据: connID=conn_00000002 长度=1257
2026/04/13 17:15:20 proxy_manager.go:108: [HTTP-PROXY] 下行数据: connID=conn_00000002 长度=31
2026/04/13 17:15:20 proxy_manager.go:108: [HTTP-PROXY] 下行数据: connID=conn_00000002 长度=1452
2026/04/13 17:15:20 proxy_manager.go:108: [HTTP-PROXY] 下行数据: connID=conn_00000002 长度=1452
2026/04/13 17:15:20 proxy_manager.go:108: [HTTP-PROXY] 下行数据: connID=conn_00000002 长度=1221
2026/04/13 17:15:20 proxy_manager.go:108: [HTTP-PROXY] 下行数据: connID=conn_00000002 长度=30
2026/04/13 17:15:20 proxy_manager.go:108: [HTTP-PROXY] 下行数据: connID=conn_00000002 长度=1452
2026/04/13 17:15:20 proxy_manager.go:108: [HTTP-PROXY] 下行数据: connID=conn_00000002 长度=1452
2026/04/13 17:15:20 proxy_manager.go:108: [HTTP-PROXY] 下行数据: connID=conn_00000002 长度=1221
2026/04/13 17:15:20 proxy_manager.go:108: [HTTP-PROXY] 下行数据: connID=conn_00000002 长度=1452
2026/04/13 17:15:20 proxy_manager.go:108: [HTTP-PROXY] 下行数据: connID=conn_00000002 长度=1452
2026/04/13 17:15:20 proxy_manager.go:108: [HTTP-PROXY] 下行数据: connID=conn_00000002 长度=1452
2026/04/13 17:15:20 proxy_manager.go:108: [HTTP-PROXY] 下行数据: connID=conn_00000002 长度=277
2026/04/13 17:15:20 proxy_manager.go:108: [HTTP-PROXY] 下行数据: connID=conn_00000002 长度=1452
2026/04/13 17:15:20 proxy_manager.go:108: [HTTP-PROXY] 下行数据: connID=conn_00000002 长度=1452
2026/04/13 17:15:20 proxy_manager.go:108: [HTTP-PROXY] 下行数据: connID=conn_00000002 长度=1221
2026/04/13 17:15:20 proxy_manager.go:108: [HTTP-PROXY] 下行数据: connID=conn_00000002 长度=30
2026/04/13 17:15:20 proxy_manager.go:108: [HTTP-PROXY] 下行数据: connID=conn_00000002 长度=1452
2026/04/13 17:15:20 proxy_manager.go:108: [HTTP-PROXY] 下行数据: connID=conn_00000002 长度=1452
2026/04/13 17:15:20 proxy_manager.go:108: [HTTP-PROXY] 下行数据: connID=conn_00000002 长度=1452
2026/04/13 17:15:20 proxy_manager.go:108: [HTTP-PROXY] 下行数据: connID=conn_00000002 长度=58
2026/04/13 17:15:20 daemon.go:494: [P2P-DEBUG-DA] handleMessage: type=proxy_connect channelMode=ts
2026/04/13 17:15:20 proxy_manager.go:42: [HTTP-PROXY] 请求连接: connID=conn_00000003 target=search-operate.cdn.bcebos.com:443
2026/04/13 17:15:20 proxy_manager.go:88: [HTTP-PROXY] 连接成功: connID=conn_00000003 target=search-operate.cdn.bcebos.com:443
2026/04/13 17:15:20 daemon.go:494: [P2P-DEBUG-DA] handleMessage: type=proxy_connect channelMode=ts
2026/04/13 17:15:20 proxy_manager.go:42: [HTTP-PROXY] 请求连接: connID=conn_00000004 target=t11.baidu.com:443
2026/04/13 17:15:20 proxy_manager.go:88: [HTTP-PROXY] 连接成功: connID=conn_00000004 target=t11.baidu.com:443
2026/04/13 17:15:20 daemon.go:494: [P2P-DEBUG-DA] handleMessage: type=proxy_connect channelMode=ts
2026/04/13 17:15:20 proxy_manager.go:42: [HTTP-PROXY] 请求连接: connID=conn_00000005 target=t10.baidu.com:443
2026/04/13 17:15:20 proxy_manager.go:88: [HTTP-PROXY] 连接成功: connID=conn_00000005 target=t10.baidu.com:443
2026/04/13 17:15:20 daemon.go:494: [P2P-DEBUG-DA] handleMessage: type=proxy_connect channelMode=ts
2026/04/13 17:15:20 proxy_manager.go:42: [HTTP-PROXY] 请求连接: connID=conn_00000006 target=t11.baidu.com:443
2026/04/13 17:15:21 proxy_manager.go:88: [HTTP-PROXY] 连接成功: connID=conn_00000006 target=t11.baidu.com:443
2026/04/13 17:15:21 daemon.go:494: [P2P-DEBUG-DA] handleMessage: type=proxy_connect channelMode=ts
2026/04/13 17:15:21 proxy_manager.go:42: [HTTP-PROXY] 请求连接: connID=conn_00000007 target=t11.baidu.com:443
2026/04/13 17:15:21 proxy_manager.go:88: [HTTP-PROXY] 连接成功: connID=conn_00000007 target=t11.baidu.com:443
2026/04/13 17:15:21 daemon.go:494: [P2P-DEBUG-DA] handleMessage: type=proxy_connect channelMode=ts
2026/04/13 17:15:21 proxy_manager.go:42: [HTTP-PROXY] 请求连接: connID=conn_00000008 target=t11.baidu.com:443
2026/04/13 17:15:21 proxy_manager.go:88: [HTTP-PROXY] 连接成功: connID=conn_00000008 target=t11.baidu.com:443
2026/04/13 17:15:21 daemon.go:494: [P2P-DEBUG-DA] handleMessage: type=proxy_connect channelMode=ts
2026/04/13 17:15:21 proxy_manager.go:42: [HTTP-PROXY] 请求连接: connID=conn_00000009 target=t10.baidu.com:443
2026/04/13 17:15:21 proxy_manager.go:88: [HTTP-PROXY] 连接成功: connID=conn_00000009 target=t10.baidu.com:443
2026/04/13 17:15:21 daemon.go:494: [P2P-DEBUG-DA] handleMessage: type=proxy_connect channelMode=ts
2026/04/13 17:15:21 proxy_manager.go:42: [HTTP-PROXY] 请求连接: connID=conn_00000010 target=t10.baidu.com:443
2026/04/13 17:15:21 proxy_manager.go:88: [HTTP-PROXY] 连接成功: connID=conn_00000010 target=t10.baidu.com:443
2026/04/13 17:15:21 daemon.go:494: [P2P-DEBUG-DA] handleMessage: type=proxy_connect channelMode=ts
2026/04/13 17:15:21 proxy_manager.go:42: [HTTP-PROXY] 请求连接: connID=conn_00000011 target=t12.baidu.com:443
2026/04/13 17:15:21 proxy_manager.go:88: [HTTP-PROXY] 连接成功: connID=conn_00000011 target=t12.baidu.com:443
2026/04/13 17:15:21 daemon.go:494: [P2P-DEBUG-DA] handleMessage: type=proxy_connect channelMode=ts
2026/04/13 17:15:21 proxy_manager.go:42: [HTTP-PROXY] 请求连接: connID=conn_00000012 target=t11.baidu.com:443
2026/04/13 17:15:21 proxy_manager.go:88: [HTTP-PROXY] 连接成功: connID=conn_00000012 target=t11.baidu.com:443
2026/04/13 17:15:21 daemon.go:494: [P2P-DEBUG-DA] handleMessage: type=proxy_connect channelMode=ts
2026/04/13 17:15:21 proxy_manager.go:42: [HTTP-PROXY] 请求连接: connID=conn_00000013 target=content-autofill.googleapis.com:443
2026/04/13 17:15:31 proxy_manager.go:60: [HTTP-PROXY] 连接失败: connID=conn_00000013 target=content-autofill.googleapis.com:443 err=dial tcp 142.250.73.74:443: i/o timeout
2026/04/13 17:15:31 proxy_manager.go:143: [HTTP-PROXY] 收到上行数据: connID=conn_00000003 长度=1835
2026/04/13 17:15:31 proxy_manager.go:143: [HTTP-PROXY] 收到上行数据: connID=conn_00000004 长度=1819
2026/04/13 17:15:31 proxy_manager.go:143: [HTTP-PROXY] 收到上行数据: connID=conn_00000005 长度=1787
2026/04/13 17:15:31 proxy_manager.go:143: [HTTP-PROXY] 收到上行数据: connID=conn_00000006 长度=1755
2026/04/13 17:15:31 proxy_manager.go:143: [HTTP-PROXY] 收到上行数据: connID=conn_00000007 长度=1755
2026/04/13 17:15:31 proxy_manager.go:143: [HTTP-PROXY] 收到上行数据: connID=conn_00000008 长度=1723
2026/04/13 17:15:31 proxy_manager.go:143: [HTTP-PROXY] 收到上行数据: connID=conn_00000009 长度=1755
2026/04/13 17:15:31 proxy_manager.go:143: [HTTP-PROXY] 收到上行数据: connID=conn_00000010 长度=1787
2026/04/13 17:15:31 proxy_manager.go:143: [HTTP-PROXY] 收到上行数据: connID=conn_00000011 长度=1819
2026/04/13 17:15:31 proxy_manager.go:143: [HTTP-PROXY] 收到上行数据: connID=conn_00000012 长度=1787
2026/04/13 17:15:31 daemon.go:494: [P2P-DEBUG-DA] handleMessage: type=ping channelMode=ts
2026/04/13 17:15:31 daemon.go:494: [P2P-DEBUG-DA] handleMessage: type=ping channelMode=ts
2026/04/13 17:15:31 daemon.go:494: [P2P-DEBUG-DA] handleMessage: type=ping channelMode=ts
2026/04/13 17:15:31 proxy_manager.go:108: [HTTP-PROXY] 下行数据: connID=conn_00000003 长度=1400
2026/04/13 17:15:31 proxy_manager.go:108: [HTTP-PROXY] 下行数据: connID=conn_00000003 长度=2696
2026/04/13 17:15:31 proxy_manager.go:108: [HTTP-PROXY] 下行数据: connID=conn_00000003 长度=1208
2026/04/13 17:15:31 proxy_manager.go:108: [HTTP-PROXY] 下行数据: connID=conn_00000005 长度=2824
2026/04/13 17:15:31 proxy_manager.go:108: [HTTP-PROXY] 下行数据: connID=conn_00000005 长度=1272
2026/04/13 17:15:31 proxy_manager.go:108: [HTTP-PROXY] 下行数据: connID=conn_00000005 长度=1244
2026/04/13 17:15:31 proxy_manager.go:108: [HTTP-PROXY] 下行数据: connID=conn_00000008 长度=1412
2026/04/13 17:15:31 proxy_manager.go:108: [HTTP-PROXY] 下行数据: connID=conn_00000008 长度=1412
2026/04/13 17:15:31 proxy_manager.go:108: [HTTP-PROXY] 下行数据: connID=conn_00000008 长度=1272
2026/04/13 17:15:31 proxy_manager.go:108: [HTTP-PROXY] 下行数据: connID=conn_00000006 长度=1412
2026/04/13 17:15:31 proxy_manager.go:108: [HTTP-PROXY] 下行数据: connID=conn_00000006 长度=1412
2026/04/13 17:15:31 proxy_manager.go:108: [HTTP-PROXY] 下行数据: connID=conn_00000006 长度=1272
2026/04/13 17:15:31 proxy_manager.go:108: [HTTP-PROXY] 下行数据: connID=conn_00000008 长度=1238
2026/04/13 17:15:31 proxy_manager.go:108: [HTTP-PROXY] 下行数据: connID=conn_00000012 长度=1412
2026/04/13 17:15:31 proxy_manager.go:108: [HTTP-PROXY] 下行数据: connID=conn_00000012 长度=1412
2026/04/13 17:15:31 proxy_manager.go:108: [HTTP-PROXY] 下行数据: connID=conn_00000012 长度=1272
2026/04/13 17:15:31 proxy_manager.go:108: [HTTP-PROXY] 下行数据: connID=conn_00000010 长度=1412
2026/04/13 17:15:31 proxy_manager.go:108: [HTTP-PROXY] 下行数据: connID=conn_00000010 长度=1412
2026/04/13 17:15:31 proxy_manager.go:108: [HTTP-PROXY] 下行数据: connID=conn_00000010 长度=1272
2026/04/13 17:15:31 proxy_manager.go:108: [HTTP-PROXY] 下行数据: connID=conn_00000004 长度=2824
2026/04/13 17:15:31 proxy_manager.go:108: [HTTP-PROXY] 下行数据: connID=conn_00000004 长度=1272
2026/04/13 17:15:31 proxy_manager.go:108: [HTTP-PROXY] 下行数据: connID=conn_00000006 长度=1238
2026/04/13 17:15:31 proxy_manager.go:108: [HTTP-PROXY] 下行数据: connID=conn_00000011 长度=1412
2026/04/13 17:15:31 proxy_manager.go:108: [HTTP-PROXY] 下行数据: connID=conn_00000011 长度=1412
2026/04/13 17:15:31 proxy_manager.go:108: [HTTP-PROXY] 下行数据: connID=conn_00000011 长度=1272
2026/04/13 17:15:31 proxy_manager.go:108: [HTTP-PROXY] 下行数据: connID=conn_00000004 长度=1238
2026/04/13 17:15:31 proxy_manager.go:108: [HTTP-PROXY] 下行数据: connID=conn_00000010 长度=1244
2026/04/13 17:15:31 proxy_manager.go:108: [HTTP-PROXY] 下行数据: connID=conn_00000012 长度=1238
2026/04/13 17:15:31 proxy_manager.go:108: [HTTP-PROXY] 下行数据: connID=conn_00000011 长度=1238
2026/04/13 17:15:31 proxy_manager.go:108: [HTTP-PROXY] 下行数据: connID=conn_00000009 长度=1412
2026/04/13 17:15:31 proxy_manager.go:108: [HTTP-PROXY] 下行数据: connID=conn_00000009 长度=1412
2026/04/13 17:15:31 proxy_manager.go:108: [HTTP-PROXY] 下行数据: connID=conn_00000009 长度=1272
2026/04/13 17:15:31 proxy_manager.go:108: [HTTP-PROXY] 下行数据: connID=conn_00000007 长度=1412
2026/04/13 17:15:31 proxy_manager.go:108: [HTTP-PROXY] 下行数据: connID=conn_00000007 长度=1412
2026/04/13 17:15:31 proxy_manager.go:108: [HTTP-PROXY] 下行数据: connID=conn_00000007 长度=1272
2026/04/13 17:15:31 proxy_manager.go:108: [HTTP-PROXY] 下行数据: connID=conn_00000009 长度=1244
2026/04/13 17:15:31 proxy_manager.go:108: [HTTP-PROXY] 下行数据: connID=conn_00000007 长度=1238
2026/04/13 17:15:31 proxy_manager.go:143: [HTTP-PROXY] 收到上行数据: connID=conn_00000003 长度=172
2026/04/13 17:15:31 proxy_manager.go:143: [HTTP-PROXY] 收到上行数据: connID=conn_00000003 长度=632
2026/04/13 17:15:31 proxy_manager.go:108: [HTTP-PROXY] 下行数据: connID=conn_00000003 长度=303
2026/04/13 17:15:31 proxy_manager.go:108: [HTTP-PROXY] 下行数据: connID=conn_00000003 长度=303
2026/04/13 17:15:31 proxy_manager.go:108: [HTTP-PROXY] 下行数据: connID=conn_00000003 长度=71
2026/04/13 17:15:31 proxy_manager.go:108: [HTTP-PROXY] 下行数据: connID=conn_00000003 长度=623
2026/04/13 17:15:31 proxy_manager.go:143: [HTTP-PROXY] 收到上行数据: connID=conn_00000006 长度=80
2026/04/13 17:15:31 proxy_manager.go:143: [HTTP-PROXY] 收到上行数据: connID=conn_00000008 长度=80
2026/04/13 17:15:31 proxy_manager.go:143: [HTTP-PROXY] 收到上行数据: connID=conn_00000012 长度=80
2026/04/13 17:15:31 daemon.go:494: [P2P-DEBUG-DA] handleMessage: type=proxy_close channelMode=ts
2026/04/13 17:15:31 proxy_manager.go:157: [HTTP-PROXY] 请求关闭: connID=conn_00000008
2026/04/13 17:15:31 proxy_manager.go:118: [HTTP-PROXY] 连接关闭: connID=conn_00000008 err=read tcp 172.17.0.6:47748->116.163.33.36:443: use of closed network connection
2026/04/13 17:15:31 daemon.go:494: [P2P-DEBUG-DA] handleMessage: type=proxy_close channelMode=ts
2026/04/13 17:15:31 proxy_manager.go:157: [HTTP-PROXY] 请求关闭: connID=conn_00000012
2026/04/13 17:15:31 proxy_manager.go:118: [HTTP-PROXY] 连接关闭: connID=conn_00000012 err=read tcp 172.17.0.6:47758->116.163.33.36:443: use of closed network connection
2026/04/13 17:15:31 daemon.go:494: [P2P-DEBUG-DA] handleMessage: type=proxy_close channelMode=ts
2026/04/13 17:15:31 proxy_manager.go:157: [HTTP-PROXY] 请求关闭: connID=conn_00000007
2026/04/13 17:15:31 proxy_manager.go:118: [HTTP-PROXY] 连接关闭: connID=conn_00000007 err=read tcp 172.17.0.6:47746->116.163.33.36:443: use of closed network connection
2026/04/13 17:15:31 proxy_manager.go:139: [HTTP-PROXY] 未知连接: connID=7
2026/04/13 17:15:31 proxy_manager.go:143: [HTTP-PROXY] 收到上行数据: connID=conn_00000004 长度=80
2026/04/13 17:15:31 daemon.go:494: [P2P-DEBUG-DA] handleMessage: type=proxy_close channelMode=ts
2026/04/13 17:15:31 proxy_manager.go:157: [HTTP-PROXY] 请求关闭: connID=conn_00000004
2026/04/13 17:15:31 proxy_manager.go:118: [HTTP-PROXY] 连接关闭: connID=conn_00000004 err=read tcp 172.17.0.6:47740->116.163.33.36:443: use of closed network connection
2026/04/13 17:15:31 proxy_manager.go:108: [HTTP-PROXY] 下行数据: connID=conn_00000006 长度=574
2026/04/13 17:15:31 proxy_manager.go:108: [HTTP-PROXY] 下行数据: connID=conn_00000006 长度=62
2026/04/13 17:15:31 proxy_manager.go:143: [HTTP-PROXY] 收到上行数据: connID=conn_00000006 长度=2756
2026/04/13 17:15:31 proxy_manager.go:143: [HTTP-PROXY] 收到上行数据: connID=conn_00000005 长度=2872
2026/04/13 17:15:31 proxy_manager.go:143: [HTTP-PROXY] 收到上行数据: connID=conn_00000010 长度=2872
2026/04/13 17:15:31 daemon.go:494: [P2P-DEBUG-DA] handleMessage: type=ping channelMode=ts
2026/04/13 17:15:31 proxy_manager.go:108: [HTTP-PROXY] 下行数据: connID=conn_00000005 长度=574
2026/04/13 17:15:31 proxy_manager.go:143: [HTTP-PROXY] 收到上行数据: connID=conn_00000009 长度=2872
2026/04/13 17:15:31 proxy_manager.go:108: [HTTP-PROXY] 下行数据: connID=conn_00000005 长度=1412
2026/04/13 17:15:31 proxy_manager.go:108: [HTTP-PROXY] 下行数据: connID=conn_00000005 长度=1412
2026/04/13 17:15:31 proxy_manager.go:108: [HTTP-PROXY] 下行数据: connID=conn_00000005 长度=624
2026/04/13 17:15:31 proxy_manager.go:108: [HTTP-PROXY] 下行数据: connID=conn_00000006 长度=31
2026/04/13 17:15:31 proxy_manager.go:108: [HTTP-PROXY] 下行数据: connID=conn_00000006 长度=1412
2026/04/13 17:15:31 proxy_manager.go:108: [HTTP-PROXY] 下行数据: connID=conn_00000006 长度=1412
2026/04/13 17:15:31 proxy_manager.go:108: [HTTP-PROXY] 下行数据: connID=conn_00000006 长度=569
2026/04/13 17:15:31 proxy_manager.go:108: [HTTP-PROXY] 下行数据: connID=conn_00000006 长度=31
2026/04/13 17:15:31 proxy_manager.go:108: [HTTP-PROXY] 下行数据: connID=conn_00000006 长度=1412
2026/04/13 17:15:31 proxy_manager.go:108: [HTTP-PROXY] 下行数据: connID=conn_00000006 长度=1434
2026/04/13 17:15:31 proxy_manager.go:108: [HTTP-PROXY] 下行数据: connID=conn_00000006 长度=1412
2026/04/13 17:15:31 proxy_manager.go:108: [HTTP-PROXY] 下行数据: connID=conn_00000006 长度=1412
2026/04/13 17:15:31 proxy_manager.go:108: [HTTP-PROXY] 下行数据: connID=conn_00000006 长度=1412
2026/04/13 17:15:31 proxy_manager.go:108: [HTTP-PROXY] 下行数据: connID=conn_00000006 长度=1412
2026/04/13 17:15:31 proxy_manager.go:108: [HTTP-PROXY] 下行数据: connID=conn_00000006 长度=1412
2026/04/13 17:15:31 proxy_manager.go:108: [HTTP-PROXY] 下行数据: connID=conn_00000006 长度=1412
2026/04/13 17:15:31 proxy_manager.go:108: [HTTP-PROXY] 下行数据: connID=conn_00000006 长度=1412
2026/04/13 17:15:31 proxy_manager.go:108: [HTTP-PROXY] 下行数据: connID=conn_00000006 长度=1412
2026/04/13 17:15:31 proxy_manager.go:108: [HTTP-PROXY] 下行数据: connID=conn_00000006 长度=1412
2026/04/13 17:15:31 proxy_manager.go:108: [HTTP-PROXY] 下行数据: connID=conn_00000006 长度=1412
2026/04/13 17:15:31 proxy_manager.go:108: [HTTP-PROXY] 下行数据: connID=conn_00000006 长度=1412
2026/04/13 17:15:31 proxy_manager.go:108: [HTTP-PROXY] 下行数据: connID=conn_00000006 长度=17
2026/04/13 17:15:31 proxy_manager.go:108: [HTTP-PROXY] 下行数据: connID=conn_00000010 长度=574
2026/04/13 17:15:31 proxy_manager.go:143: [HTTP-PROXY] 收到上行数据: connID=conn_00000011 长度=2223
2026/04/13 17:15:31 proxy_manager.go:108: [HTTP-PROXY] 下行数据: connID=conn_00000010 长度=1412
2026/04/13 17:15:31 proxy_manager.go:108: [HTTP-PROXY] 下行数据: connID=conn_00000010 长度=1412
2026/04/13 17:15:31 proxy_manager.go:108: [HTTP-PROXY] 下行数据: connID=conn_00000010 长度=1412
2026/04/13 17:15:31 proxy_manager.go:108: [HTTP-PROXY] 下行数据: connID=conn_00000010 长度=1412
2026/04/13 17:15:31 proxy_manager.go:108: [HTTP-PROXY] 下行数据: connID=conn_00000010 长度=1412
2026/04/13 17:15:31 proxy_manager.go:108: [HTTP-PROXY] 下行数据: connID=conn_00000010 长度=740
2026/04/13 17:15:31 proxy_manager.go:143: [HTTP-PROXY] 收到上行数据: connID=conn_00000003 长度=66
2026/04/13 17:15:31 proxy_manager.go:108: [HTTP-PROXY] 下行数据: connID=conn_00000009 长度=287
2026/04/13 17:15:31 proxy_manager.go:108: [HTTP-PROXY] 下行数据: connID=conn_00000009 长度=287
2026/04/13 17:15:31 proxy_manager.go:108: [HTTP-PROXY] 下行数据: connID=conn_00000009 长度=2824
2026/04/13 17:15:31 proxy_manager.go:108: [HTTP-PROXY] 下行数据: connID=conn_00000009 长度=1412
2026/04/13 17:15:31 proxy_manager.go:108: [HTTP-PROXY] 下行数据: connID=conn_00000009 长度=1400
2026/04/13 17:15:31 daemon.go:494: [P2P-DEBUG-DA] handleMessage: type=proxy_connect channelMode=ts
2026/04/13 17:15:31 proxy_manager.go:42: [HTTP-PROXY] 请求连接: connID=conn_00000014 target=t10.baidu.com:443
2026/04/13 17:15:31 proxy_manager.go:108: [HTTP-PROXY] 下行数据: connID=conn_00000011 长度=287
2026/04/13 17:15:31 proxy_manager.go:108: [HTTP-PROXY] 下行数据: connID=conn_00000011 长度=287
2026/04/13 17:15:31 proxy_manager.go:108: [HTTP-PROXY] 下行数据: connID=conn_00000011 长度=71
2026/04/13 17:15:31 proxy_manager.go:108: [HTTP-PROXY] 下行数据: connID=conn_00000011 长度=1412
2026/04/13 17:15:31 proxy_manager.go:108: [HTTP-PROXY] 下行数据: connID=conn_00000011 长度=1412
2026/04/13 17:15:31 proxy_manager.go:108: [HTTP-PROXY] 下行数据: connID=conn_00000011 长度=1412
2026/04/13 17:15:31 proxy_manager.go:108: [HTTP-PROXY] 下行数据: connID=conn_00000011 长度=1122
2026/04/13 17:15:31 proxy_manager.go:88: [HTTP-PROXY] 连接成功: connID=conn_00000014 target=t10.baidu.com:443
2026/04/13 17:15:31 proxy_manager.go:143: [HTTP-PROXY] 收到上行数据: connID=conn_00000006 长度=31
2026/04/13 17:15:31 daemon.go:494: [P2P-DEBUG-DA] handleMessage: type=proxy_connect channelMode=ts
2026/04/13 17:15:31 proxy_manager.go:42: [HTTP-PROXY] 请求连接: connID=conn_00000015 target=content-autofill.googleapis.com:443
2026/04/13 17:15:41 proxy_manager.go:60: [HTTP-PROXY] 连接失败: connID=conn_00000015 target=content-autofill.googleapis.com:443 err=dial tcp 142.251.34.202:443: i/o timeout
2026/04/13 17:15:41 daemon.go:494: [P2P-DEBUG-DA] handleMessage: type=proxy_connect channelMode=ts
2026/04/13 17:15:41 proxy_manager.go:42: [HTTP-PROXY] 请求连接: connID=conn_00000016 target=t10.baidu.com:443
2026/04/13 17:15:41 proxy_manager.go:88: [HTTP-PROXY] 连接成功: connID=conn_00000016 target=t10.baidu.com:443
2026/04/13 17:15:41 daemon.go:494: [P2P-DEBUG-DA] handleMessage: type=proxy_connect channelMode=ts
2026/04/13 17:15:41 proxy_manager.go:42: [HTTP-PROXY] 请求连接: connID=conn_00000017 target=t10.baidu.com:443
2026/04/13 17:15:41 proxy_manager.go:88: [HTTP-PROXY] 连接成功: connID=conn_00000017 target=t10.baidu.com:443
2026/04/13 17:15:41 daemon.go:494: [P2P-DEBUG-DA] handleMessage: type=proxy_connect channelMode=ts
2026/04/13 17:15:41 proxy_manager.go:42: [HTTP-PROXY] 请求连接: connID=conn_00000018 target=b.bdstatic.com:443
2026/04/13 17:15:41 proxy_manager.go:88: [HTTP-PROXY] 连接成功: connID=conn_00000018 target=b.bdstatic.com:443
2026/04/13 17:15:41 proxy_manager.go:143: [HTTP-PROXY] 收到上行数据: connID=conn_00000014 长度=2090
2026/04/13 17:15:41 proxy_manager.go:143: [HTTP-PROXY] 收到上行数据: connID=conn_00000006 长度=153
2026/04/13 17:15:41 proxy_manager.go:143: [HTTP-PROXY] 收到上行数据: connID=conn_00000011 长度=153
2026/04/13 17:15:41 proxy_manager.go:143: [HTTP-PROXY] 收到上行数据: connID=conn_00000005 长度=2792
2026/04/13 17:15:41 proxy_manager.go:143: [HTTP-PROXY] 收到上行数据: connID=conn_00000002 长度=2756
2026/04/13 17:15:41 proxy_manager.go:143: [HTTP-PROXY] 收到上行数据: connID=conn_00000011 长度=31
2026/04/13 17:15:41 proxy_manager.go:143: [HTTP-PROXY] 收到上行数据: connID=conn_00000010 长度=2792
2026/04/13 17:15:41 daemon.go:494: [P2P-DEBUG-DA] handleMessage: type=proxy_connect channelMode=ts
2026/04/13 17:15:41 proxy_manager.go:42: [HTTP-PROXY] 请求连接: connID=conn_00000019 target=s.bdstatic.com:443
2026/04/13 17:15:41 proxy_manager.go:108: [HTTP-PROXY] 下行数据: connID=conn_00000002 长度=3300
2026/04/13 17:15:41 proxy_manager.go:108: [HTTP-PROXY] 下行数据: connID=conn_00000005 长度=2824
2026/04/13 17:15:41 proxy_manager.go:108: [HTTP-PROXY] 下行数据: connID=conn_00000005 长度=1412
2026/04/13 17:15:41 proxy_manager.go:108: [HTTP-PROXY] 下行数据: connID=conn_00000005 长度=1412
2026/04/13 17:15:41 proxy_manager.go:108: [HTTP-PROXY] 下行数据: connID=conn_00000005 长度=100
2026/04/13 17:15:41 proxy_manager.go:108: [HTTP-PROXY] 下行数据: connID=conn_00000014 长度=260
2026/04/13 17:15:41 proxy_manager.go:108: [HTTP-PROXY] 下行数据: connID=conn_00000006 长度=3085
2026/04/13 17:15:41 proxy_manager.go:108: [HTTP-PROXY] 下行数据: connID=conn_00000006 长度=31
2026/04/13 17:15:41 proxy_manager.go:108: [HTTP-PROXY] 下行数据: connID=conn_00000011 长度=2824
2026/04/13 17:15:41 proxy_manager.go:108: [HTTP-PROXY] 下行数据: connID=conn_00000011 长度=1412
2026/04/13 17:15:41 proxy_manager.go:108: [HTTP-PROXY] 下行数据: connID=conn_00000011 长度=1412
2026/04/13 17:15:41 proxy_manager.go:108: [HTTP-PROXY] 下行数据: connID=conn_00000011 长度=1359
2026/04/13 17:15:41 proxy_manager.go:108: [HTTP-PROXY] 下行数据: connID=conn_00000010 长度=1412
2026/04/13 17:15:41 proxy_manager.go:108: [HTTP-PROXY] 下行数据: connID=conn_00000010 长度=1412
2026/04/13 17:15:41 proxy_manager.go:108: [HTTP-PROXY] 下行数据: connID=conn_00000010 长度=1412
2026/04/13 17:15:41 proxy_manager.go:108: [HTTP-PROXY] 下行数据: connID=conn_00000010 长度=1168
2026/04/13 17:15:41 proxy_manager.go:88: [HTTP-PROXY] 连接成功: connID=conn_00000019 target=s.bdstatic.com:443
2026/04/13 17:15:41 proxy_manager.go:143: [HTTP-PROXY] 收到上行数据: connID=conn_00000009 长度=2792
2026/04/13 17:15:41 daemon.go:494: [P2P-DEBUG-DA] handleMessage: type=proxy_connect channelMode=ts
2026/04/13 17:15:41 proxy_manager.go:42: [HTTP-PROXY] 请求连接: connID=conn_00000020 target=m.baidu.com:443
2026/04/13 17:15:41 proxy_manager.go:108: [HTTP-PROXY] 下行数据: connID=conn_00000009 长度=3613
2026/04/13 17:15:41 proxy_manager.go:88: [HTTP-PROXY] 连接成功: connID=conn_00000020 target=m.baidu.com:443
2026/04/13 17:15:41 daemon.go:494: [P2P-DEBUG-DA] handleMessage: type=proxy_connect channelMode=ts
2026/04/13 17:15:41 proxy_manager.go:42: [HTTP-PROXY] 请求连接: connID=conn_00000021 target=als.baidu.com:443
2026/04/13 17:15:42 proxy_manager.go:88: [HTTP-PROXY] 连接成功: connID=conn_00000021 target=als.baidu.com:443
2026/04/13 17:15:42 daemon.go:494: [P2P-DEBUG-DA] handleMessage: type=proxy_connect channelMode=ts
2026/04/13 17:15:42 proxy_manager.go:42: [HTTP-PROXY] 请求连接: connID=conn_00000022 target=m.baidu.com:443
2026/04/13 17:15:42 proxy_manager.go:88: [HTTP-PROXY] 连接成功: connID=conn_00000022 target=m.baidu.com:443
2026/04/13 17:15:42 daemon.go:494: [P2P-DEBUG-DA] handleMessage: type=proxy_connect channelMode=ts
2026/04/13 17:15:42 proxy_manager.go:42: [HTTP-PROXY] 请求连接: connID=conn_00000023 target=s.bdstatic.com:443
2026/04/13 17:15:42 proxy_manager.go:88: [HTTP-PROXY] 连接成功: connID=conn_00000023 target=s.bdstatic.com:443
2026/04/13 17:15:42 daemon.go:494: [P2P-DEBUG-DA] handleMessage: type=ping channelMode=ts
2026/04/13 17:15:42 daemon.go:494: [P2P-DEBUG-DA] handleMessage: type=ping channelMode=ts
2026/04/13 17:15:42 daemon.go:494: [P2P-DEBUG-DA] handleMessage: type=resize channelMode=ts
2026/04/13 17:15:42 daemon.go:494: [P2P-DEBUG-DA] handleMessage: type=resize channelMode=ts
2026/04/13 17:15:42 daemon.go:494: [P2P-DEBUG-DA] handleMessage: type=resize channelMode=ts
2026/04/13 17:15:42 daemon.go:494: [P2P-DEBUG-DA] handleMessage: type=resize channelMode=ts
2026/04/13 17:15:42 daemon.go:494: [P2P-DEBUG-DA] handleMessage: type=resize channelMode=ts
2026/04/13 17:15:42 daemon.go:494: [P2P-DEBUG-DA] handleMessage: type=resize channelMode=ts
2026/04/13 17:15:42 daemon.go:494: [P2P-DEBUG-DA] handleMessage: type=resize channelMode=ts
2026/04/13 17:15:42 daemon.go:494: [P2P-DEBUG-DA] handleMessage: type=resize channelMode=ts
2026/04/13 17:15:42 daemon.go:494: [P2P-DEBUG-DA] handleMessage: type=resize channelMode=ts
2026/04/13 17:15:42 daemon.go:494: [P2P-DEBUG-DA] handleMessage: type=resize channelMode=ts
2026/04/13 17:15:42 daemon.go:494: [P2P-DEBUG-DA] handleMessage: type=resize channelMode=ts
2026/04/13 17:15:42 daemon.go:494: [P2P-DEBUG-DA] handleMessage: type=resize channelMode=ts
2026/04/13 17:15:42 daemon.go:494: [P2P-DEBUG-DA] handleMessage: type=ping channelMode=ts
2026/04/13 17:15:42 daemon.go:494: [P2P-DEBUG-DA] handleMessage: type=proxy_close channelMode=ts
2026/04/13 17:15:42 proxy_manager.go:157: [HTTP-PROXY] 请求关闭: connID=conn_00000016
2026/04/13 17:15:42 proxy_manager.go:118: [HTTP-PROXY] 连接关闭: connID=conn_00000016 err=read tcp 172.17.0.6:47916->116.163.33.36:443: use of closed network connection
2026/04/13 17:15:42 daemon.go:494: [P2P-DEBUG-DA] handleMessage: type=proxy_close channelMode=ts
2026/04/13 17:15:42 proxy_manager.go:157: [HTTP-PROXY] 请求关闭: connID=conn_00000017
2026/04/13 17:15:42 proxy_manager.go:118: [HTTP-PROXY] 连接关闭: connID=conn_00000017 err=read tcp 172.17.0.6:47918->116.163.33.36:443: use of closed network connection
2026/04/13 17:15:42 daemon.go:494: [P2P-DEBUG-DA] handleMessage: type=proxy_close channelMode=ts
2026/04/13 17:15:42 proxy_manager.go:157: [HTTP-PROXY] 请求关闭: connID=conn_00000018
2026/04/13 17:15:42 proxy_manager.go:118: [HTTP-PROXY] 连接关闭: connID=conn_00000018 err=read tcp 172.17.0.6:52806->175.12.19.38:443: use of closed network connection
2026/04/13 17:15:42 proxy_manager.go:143: [HTTP-PROXY] 收到上行数据: connID=conn_00000014 长度=80
2026/04/13 17:15:42 proxy_manager.go:143: [HTTP-PROXY] 收到上行数据: connID=conn_00000006 长度=70
2026/04/13 17:15:42 daemon.go:494: [P2P-DEBUG-DA] handleMessage: type=proxy_close channelMode=ts
2026/04/13 17:15:42 proxy_manager.go:157: [HTTP-PROXY] 请求关闭: connID=conn_00000019
2026/04/13 17:15:42 proxy_manager.go:118: [HTTP-PROXY] 连接关闭: connID=conn_00000019 err=read tcp 172.17.0.6:45730->121.14.9.38:443: use of closed network connection
2026/04/13 17:15:42 daemon.go:494: [P2P-DEBUG-DA] handleMessage: type=proxy_close channelMode=ts
2026/04/13 17:15:42 proxy_manager.go:157: [HTTP-PROXY] 请求关闭: connID=conn_00000020
2026/04/13 17:15:42 proxy_manager.go:118: [HTTP-PROXY] 连接关闭: connID=conn_00000020 err=read tcp 172.17.0.6:42514->183.2.172.116:443: use of closed network connection
2026/04/13 17:15:42 proxy_manager.go:143: [HTTP-PROXY] 收到上行数据: connID=conn_00000011 长度=35
2026/04/13 17:15:42 daemon.go:494: [P2P-DEBUG-DA] handleMessage: type=proxy_close channelMode=ts
2026/04/13 17:15:42 proxy_manager.go:157: [HTTP-PROXY] 请求关闭: connID=conn_00000021
2026/04/13 17:15:42 proxy_manager.go:118: [HTTP-PROXY] 连接关闭: connID=conn_00000021 err=read tcp 172.17.0.6:41558->14.215.183.130:443: use of closed network connection
2026/04/13 17:15:42 proxy_manager.go:108: [HTTP-PROXY] 下行数据: connID=conn_00000014 长度=287
2026/04/13 17:15:42 daemon.go:494: [P2P-DEBUG-DA] handleMessage: type=proxy_close channelMode=ts
2026/04/13 17:15:42 proxy_manager.go:157: [HTTP-PROXY] 请求关闭: connID=conn_00000022
2026/04/13 17:15:42 proxy_manager.go:118: [HTTP-PROXY] 连接关闭: connID=conn_00000022 err=read tcp 172.17.0.6:46448->183.2.172.46:443: use of closed network connection
2026/04/13 17:15:42 daemon.go:494: [P2P-DEBUG-DA] handleMessage: type=proxy_close channelMode=ts
2026/04/13 17:15:42 proxy_manager.go:157: [HTTP-PROXY] 请求关闭: connID=conn_00000023
2026/04/13 17:15:42 proxy_manager.go:118: [HTTP-PROXY] 连接关闭: connID=conn_00000023 err=read tcp 172.17.0.6:45738->121.14.9.38:443: use of closed network connection
2026/04/13 17:15:43 daemon.go:494: [P2P-DEBUG-DA] handleMessage: type=proxy_connect channelMode=ts
2026/04/13 17:15:43 proxy_manager.go:42: [HTTP-PROXY] 请求连接: connID=conn_00000024 target=content-autofill.googleapis.com:443
2026/04/13 17:15:53 proxy_manager.go:60: [HTTP-PROXY] 连接失败: connID=conn_00000024 target=content-autofill.googleapis.com:443 err=dial tcp 142.250.69.170:443: i/o timeout
2026/04/13 17:15:53 daemon.go:494: [P2P-DEBUG-DA] handleMessage: type=ping channelMode=ts
2026/04/13 17:15:53 daemon.go:494: [P2P-DEBUG-DA] handleMessage: type=ping channelMode=ts
2026/04/13 17:15:53 daemon.go:494: [P2P-DEBUG-DA] handleMessage: type=ping channelMode=ts
2026/04/13 17:15:53 daemon.go:494: [P2P-DEBUG-DA] handleMessage: type=ping channelMode=ts
2026/04/13 17:15:55 daemon.go:494: [P2P-DEBUG-DA] handleMessage: type=ping channelMode=ts
2026/04/13 17:15:57 daemon.go:494: [P2P-DEBUG-DA] handleMessage: type=proxy_connect channelMode=ts
2026/04/13 17:15:57 proxy_manager.go:42: [HTTP-PROXY] 请求连接: connID=conn_00000025 target=content-autofill.googleapis.com:443
2026/04/13 17:16:07 proxy_manager.go:60: [HTTP-PROXY] 连接失败: connID=conn_00000025 target=content-autofill.googleapis.com:443 err=dial tcp 142.250.73.138:443: i/o timeout
2026/04/13 17:16:07 daemon.go:494: [P2P-DEBUG-DA] handleMessage: type=ping channelMode=ts
2026/04/13 17:16:07 daemon.go:494: [P2P-DEBUG-DA] handleMessage: type=ping channelMode=ts
2026/04/13 17:16:07 daemon.go:494: [P2P-DEBUG-DA] handleMessage: type=ping channelMode=ts
2026/04/13 17:16:07 daemon.go:494: [P2P-DEBUG-DA] handleMessage: type=ping channelMode=ts
2026/04/13 17:16:10 daemon.go:494: [P2P-DEBUG-DA] handleMessage: type=ping channelMode=ts
2026/04/13 17:16:13 daemon.go:494: [P2P-DEBUG-DA] handleMessage: type=ping channelMode=ts
2026/04/13 17:16:14 daemon.go:494: [P2P-DEBUG-DA] handleMessage: type=proxy_connect channelMode=ts
2026/04/13 17:16:14 proxy_manager.go:42: [HTTP-PROXY] 请求连接: connID=conn_00000026 target=content-autofill.googleapis.com:443
2026/04/13 17:16:24 proxy_manager.go:60: [HTTP-PROXY] 连接失败: connID=conn_00000026 target=content-autofill.googleapis.com:443 err=dial tcp 142.251.34.202:443: i/o timeout
2026/04/13 17:16:28 main.go:66: [daemon] shutting down...
2026/04/13 17:16:28 filetransfer.go:232: [filetransfer] 已取消所有文件发送任务
2026/04/13 17:16:28 proxy_manager.go:118: [HTTP-PROXY] 连接关闭: connID=conn_00000010 err=read tcp 172.17.0.6:47752->116.163.33.36:443: use of closed network connection
2026/04/13 17:16:28 proxy_manager.go:118: [HTTP-PROXY] 连接关闭: connID=conn_00000003 err=read tcp 172.17.0.6:41048->113.96.130.201:443: use of closed network connection
2026/04/13 17:16:28 proxy_manager.go:118: [HTTP-PROXY] 连接关闭: connID=conn_00000006 err=read tcp 172.17.0.6:47744->116.163.33.36:443: use of closed network connection
2026/04/13 17:16:28 proxy_manager.go:118: [HTTP-PROXY] 连接关闭: connID=conn_00000009 err=read tcp 172.17.0.6:47750->116.163.33.36:443: use of closed network connection
2026/04/13 17:16:28 proxy_manager.go:118: [HTTP-PROXY] 连接关闭: connID=conn_00000011 err=read tcp 172.17.0.6:47754->116.163.33.36:443: use of closed network connection
2026/04/13 17:16:28 proxy_manager.go:118: [HTTP-PROXY] 连接关闭: connID=conn_00000002 err=read tcp 172.17.0.6:46248->183.2.172.46:443: use of closed network connection
2026/04/13 17:16:28 proxy_manager.go:118: [HTTP-PROXY] 连接关闭: connID=conn_00000014 err=read tcp 172.17.0.6:47834->116.163.33.36:443: use of closed network connection
2026/04/13 17:16:28 proxy_manager.go:118: [HTTP-PROXY] 连接关闭: connID=conn_00000005 err=read tcp 172.17.0.6:47742->116.163.33.36:443: use of closed network connection
2026/04/13 17:16:28 proxy_manager.go:194: [HTTP-PROXY] 全部关闭: 共 8 个连接
2026/04/13 17:16:28 wsrelay.go:221: [wsrelay] 读取失败: read tcp 172.17.0.6:36052->114.67.97.133:61221: use of closed network connection
2026/04/13 17:16:28 daemon.go:462: [daemon] destroyed
2026/04/13 17:16:28 main.go:75: [daemon] exited
